running egg_info
creating build/sonar3d_reconstruction/sonar3d_reconstruction.egg-info
writing build/sonar3d_reconstruction/sonar3d_reconstruction.egg-info/PKG-INFO
writing dependency_links to build/sonar3d_reconstruction/sonar3d_reconstruction.egg-info/dependency_links.txt
writing entry points to build/sonar3d_reconstruction/sonar3d_reconstruction.egg-info/entry_points.txt
writing requirements to build/sonar3d_reconstruction/sonar3d_reconstruction.egg-info/requires.txt
writing top-level names to build/sonar3d_reconstruction/sonar3d_reconstruction.egg-info/top_level.txt
writing manifest file 'build/sonar3d_reconstruction/sonar3d_reconstruction.egg-info/SOURCES.txt'
reading manifest file 'build/sonar3d_reconstruction/sonar3d_reconstruction.egg-info/SOURCES.txt'
writing manifest file 'build/sonar3d_reconstruction/sonar3d_reconstruction.egg-info/SOURCES.txt'
running build
running build_py
creating /home/rosdev/ros2_ws/src/sonar3d_reconstruction/build/sonar3d_reconstruction/build
creating /home/rosdev/ros2_ws/src/sonar3d_reconstruction/build/sonar3d_reconstruction/build/lib
creating /home/rosdev/ros2_ws/src/sonar3d_reconstruction/build/sonar3d_reconstruction/build/lib/sonar3d_reconstruction
copying sonar3d_reconstruction/sonar_inspect.py -> /home/rosdev/ros2_ws/src/sonar3d_reconstruction/build/sonar3d_reconstruction/build/lib/sonar3d_reconstruction
copying sonar3d_reconstruction/edge_detection.py -> /home/rosdev/ros2_ws/src/sonar3d_reconstruction/build/sonar3d_reconstruction/build/lib/sonar3d_reconstruction
copying sonar3d_reconstruction/patch_detection.py -> /home/rosdev/ros2_ws/src/sonar3d_reconstruction/build/sonar3d_reconstruction/build/lib/sonar3d_reconstruction
copying sonar3d_reconstruction/leading_edge_pc_saver.py -> /home/rosdev/ros2_ws/src/sonar3d_reconstruction/build/sonar3d_reconstruction/build/lib/sonar3d_reconstruction
copying sonar3d_reconstruction/Pool3D.py -> /home/rosdev/ros2_ws/src/sonar3d_reconstruction/build/sonar3d_reconstruction/build/lib/sonar3d_reconstruction
copying sonar3d_reconstruction/sonar_viewer.py -> /home/rosdev/ros2_ws/src/sonar3d_reconstruction/build/sonar3d_reconstruction/build/lib/sonar3d_reconstruction
copying sonar3d_reconstruction/process_sonar_image.py -> /home/rosdev/ros2_ws/src/sonar3d_reconstruction/build/sonar3d_reconstruction/build/lib/sonar3d_reconstruction
copying sonar3d_reconstruction/load_data.py -> /home/rosdev/ros2_ws/src/sonar3d_reconstruction/build/sonar3d_reconstruction/build/lib/sonar3d_reconstruction
copying sonar3d_reconstruction/__init__.py -> /home/rosdev/ros2_ws/src/sonar3d_reconstruction/build/sonar3d_reconstruction/build/lib/sonar3d_reconstruction
copying sonar3d_reconstruction/acoustic3d_edge.py -> /home/rosdev/ros2_ws/src/sonar3d_reconstruction/build/sonar3d_reconstruction/build/lib/sonar3d_reconstruction
copying sonar3d_reconstruction/optitrack_to_ros.py -> /home/rosdev/ros2_ws/src/sonar3d_reconstruction/build/sonar3d_reconstruction/build/lib/sonar3d_reconstruction
copying sonar3d_reconstruction/unpack_usv_bag.py -> /home/rosdev/ros2_ws/src/sonar3d_reconstruction/build/sonar3d_reconstruction/build/lib/sonar3d_reconstruction
copying sonar3d_reconstruction/leading_edge_node.py -> /home/rosdev/ros2_ws/src/sonar3d_reconstruction/build/sonar3d_reconstruction/build/lib/sonar3d_reconstruction
copying sonar3d_reconstruction/leading_edge_visualizer.py -> /home/rosdev/ros2_ws/src/sonar3d_reconstruction/build/sonar3d_reconstruction/build/lib/sonar3d_reconstruction
copying sonar3d_reconstruction/plot_tools.py -> /home/rosdev/ros2_ws/src/sonar3d_reconstruction/build/sonar3d_reconstruction/build/lib/sonar3d_reconstruction
copying sonar3d_reconstruction/get_points.py -> /home/rosdev/ros2_ws/src/sonar3d_reconstruction/build/sonar3d_reconstruction/build/lib/sonar3d_reconstruction
copying sonar3d_reconstruction/profile.py -> /home/rosdev/ros2_ws/src/sonar3d_reconstruction/build/sonar3d_reconstruction/build/lib/sonar3d_reconstruction
copying sonar3d_reconstruction/sonar_to_pointcloud.py -> /home/rosdev/ros2_ws/src/sonar3d_reconstruction/build/sonar3d_reconstruction/build/lib/sonar3d_reconstruction
copying sonar3d_reconstruction/acoustic3d_patch.py -> /home/rosdev/ros2_ws/src/sonar3d_reconstruction/build/sonar3d_reconstruction/build/lib/sonar3d_reconstruction
copying sonar3d_reconstruction/transform_tools.py -> /home/rosdev/ros2_ws/src/sonar3d_reconstruction/build/sonar3d_reconstruction/build/lib/sonar3d_reconstruction
copying sonar3d_reconstruction/sonar_fan_render.py -> /home/rosdev/ros2_ws/src/sonar3d_reconstruction/build/sonar3d_reconstruction/build/lib/sonar3d_reconstruction
copying sonar3d_reconstruction/region_shapes.py -> /home/rosdev/ros2_ws/src/sonar3d_reconstruction/build/sonar3d_reconstruction/build/lib/sonar3d_reconstruction
running install
running install_lib
creating /home/rosdev/ros2_ws/src/sonar3d_reconstruction/install/sonar3d_reconstruction/lib/python3.10/site-packages/sonar3d_reconstruction
copying /home/rosdev/ros2_ws/src/sonar3d_reconstruction/build/sonar3d_reconstruction/build/lib/sonar3d_reconstruction/sonar_inspect.py -> /home/rosdev/ros2_ws/src/sonar3d_reconstruction/install/sonar3d_reconstruction/lib/python3.10/site-packages/sonar3d_reconstruction
copying /home/rosdev/ros2_ws/src/sonar3d_reconstruction/build/sonar3d_reconstruction/build/lib/sonar3d_reconstruction/edge_detection.py -> /home/rosdev/ros2_ws/src/sonar3d_reconstruction/install/sonar3d_reconstruction/lib/python3.10/site-packages/sonar3d_reconstruction
copying /home/rosdev/ros2_ws/src/sonar3d_reconstruction/build/sonar3d_reconstruction/build/lib/sonar3d_reconstruction/patch_detection.py -> /home/rosdev/ros2_ws/src/sonar3d_reconstruction/install/sonar3d_reconstruction/lib/python3.10/site-packages/sonar3d_reconstruction
copying /home/rosdev/ros2_ws/src/sonar3d_reconstruction/build/sonar3d_reconstruction/build/lib/sonar3d_reconstruction/leading_edge_pc_saver.py -> /home/rosdev/ros2_ws/src/sonar3d_reconstruction/install/sonar3d_reconstruction/lib/python3.10/site-packages/sonar3d_reconstruction
copying /home/rosdev/ros2_ws/src/sonar3d_reconstruction/build/sonar3d_reconstruction/build/lib/sonar3d_reconstruction/Pool3D.py -> /home/rosdev/ros2_ws/src/sonar3d_reconstruction/install/sonar3d_reconstruction/lib/python3.10/site-packages/sonar3d_reconstruction
copying /home/rosdev/ros2_ws/src/sonar3d_reconstruction/build/sonar3d_reconstruction/build/lib/sonar3d_reconstruction/sonar_viewer.py -> /home/rosdev/ros2_ws/src/sonar3d_reconstruction/install/sonar3d_reconstruction/lib/python3.10/site-packages/sonar3d_reconstruction
copying /home/rosdev/ros2_ws/src/sonar3d_reconstruction/build/sonar3d_reconstruction/build/lib/sonar3d_reconstruction/process_sonar_image.py -> /home/rosdev/ros2_ws/src/sonar3d_reconstruction/install/sonar3d_reconstruction/lib/python3.10/site-packages/sonar3d_reconstruction
copying /home/rosdev/ros2_ws/src/sonar3d_reconstruction/build/sonar3d_reconstruction/build/lib/sonar3d_reconstruction/load_data.py -> /home/rosdev/ros2_ws/src/sonar3d_reconstruction/install/sonar3d_reconstruction/lib/python3.10/site-packages/sonar3d_reconstruction
copying /home/rosdev/ros2_ws/src/sonar3d_reconstruction/build/sonar3d_reconstruction/build/lib/sonar3d_reconstruction/__init__.py -> /home/rosdev/ros2_ws/src/sonar3d_reconstruction/install/sonar3d_reconstruction/lib/python3.10/site-packages/sonar3d_reconstruction
copying /home/rosdev/ros2_ws/src/sonar3d_reconstruction/build/sonar3d_reconstruction/build/lib/sonar3d_reconstruction/acoustic3d_edge.py -> /home/rosdev/ros2_ws/src/sonar3d_reconstruction/install/sonar3d_reconstruction/lib/python3.10/site-packages/sonar3d_reconstruction
copying /home/rosdev/ros2_ws/src/sonar3d_reconstruction/build/sonar3d_reconstruction/build/lib/sonar3d_reconstruction/optitrack_to_ros.py -> /home/rosdev/ros2_ws/src/sonar3d_reconstruction/install/sonar3d_reconstruction/lib/python3.10/site-packages/sonar3d_reconstruction
copying /home/rosdev/ros2_ws/src/sonar3d_reconstruction/build/sonar3d_reconstruction/build/lib/sonar3d_reconstruction/unpack_usv_bag.py -> /home/rosdev/ros2_ws/src/sonar3d_reconstruction/install/sonar3d_reconstruction/lib/python3.10/site-packages/sonar3d_reconstruction
copying /home/rosdev/ros2_ws/src/sonar3d_reconstruction/build/sonar3d_reconstruction/build/lib/sonar3d_reconstruction/leading_edge_node.py -> /home/rosdev/ros2_ws/src/sonar3d_reconstruction/install/sonar3d_reconstruction/lib/python3.10/site-packages/sonar3d_reconstruction
copying /home/rosdev/ros2_ws/src/sonar3d_reconstruction/build/sonar3d_reconstruction/build/lib/sonar3d_reconstruction/leading_edge_visualizer.py -> /home/rosdev/ros2_ws/src/sonar3d_reconstruction/install/sonar3d_reconstruction/lib/python3.10/site-packages/sonar3d_reconstruction
copying /home/rosdev/ros2_ws/src/sonar3d_reconstruction/build/sonar3d_reconstruction/build/lib/sonar3d_reconstruction/plot_tools.py -> /home/rosdev/ros2_ws/src/sonar3d_reconstruction/install/sonar3d_reconstruction/lib/python3.10/site-packages/sonar3d_reconstruction
copying /home/rosdev/ros2_ws/src/sonar3d_reconstruction/build/sonar3d_reconstruction/build/lib/sonar3d_reconstruction/get_points.py -> /home/rosdev/ros2_ws/src/sonar3d_reconstruction/install/sonar3d_reconstruction/lib/python3.10/site-packages/sonar3d_reconstruction
copying /home/rosdev/ros2_ws/src/sonar3d_reconstruction/build/sonar3d_reconstruction/build/lib/sonar3d_reconstruction/profile.py -> /home/rosdev/ros2_ws/src/sonar3d_reconstruction/install/sonar3d_reconstruction/lib/python3.10/site-packages/sonar3d_reconstruction
copying /home/rosdev/ros2_ws/src/sonar3d_reconstruction/build/sonar3d_reconstruction/build/lib/sonar3d_reconstruction/sonar_to_pointcloud.py -> /home/rosdev/ros2_ws/src/sonar3d_reconstruction/install/sonar3d_reconstruction/lib/python3.10/site-packages/sonar3d_reconstruction
copying /home/rosdev/ros2_ws/src/sonar3d_reconstruction/build/sonar3d_reconstruction/build/lib/sonar3d_reconstruction/acoustic3d_patch.py -> /home/rosdev/ros2_ws/src/sonar3d_reconstruction/install/sonar3d_reconstruction/lib/python3.10/site-packages/sonar3d_reconstruction
copying /home/rosdev/ros2_ws/src/sonar3d_reconstruction/build/sonar3d_reconstruction/build/lib/sonar3d_reconstruction/transform_tools.py -> /home/rosdev/ros2_ws/src/sonar3d_reconstruction/install/sonar3d_reconstruction/lib/python3.10/site-packages/sonar3d_reconstruction
copying /home/rosdev/ros2_ws/src/sonar3d_reconstruction/build/sonar3d_reconstruction/build/lib/sonar3d_reconstruction/sonar_fan_render.py -> /home/rosdev/ros2_ws/src/sonar3d_reconstruction/install/sonar3d_reconstruction/lib/python3.10/site-packages/sonar3d_reconstruction
copying /home/rosdev/ros2_ws/src/sonar3d_reconstruction/build/sonar3d_reconstruction/build/lib/sonar3d_reconstruction/region_shapes.py -> /home/rosdev/ros2_ws/src/sonar3d_reconstruction/install/sonar3d_reconstruction/lib/python3.10/site-packages/sonar3d_reconstruction
byte-compiling /home/rosdev/ros2_ws/src/sonar3d_reconstruction/install/sonar3d_reconstruction/lib/python3.10/site-packages/sonar3d_reconstruction/sonar_inspect.py to sonar_inspect.cpython-310.pyc
byte-compiling /home/rosdev/ros2_ws/src/sonar3d_reconstruction/install/sonar3d_reconstruction/lib/python3.10/site-packages/sonar3d_reconstruction/edge_detection.py to edge_detection.cpython-310.pyc
byte-compiling /home/rosdev/ros2_ws/src/sonar3d_reconstruction/install/sonar3d_reconstruction/lib/python3.10/site-packages/sonar3d_reconstruction/patch_detection.py to patch_detection.cpython-310.pyc
byte-compiling /home/rosdev/ros2_ws/src/sonar3d_reconstruction/install/sonar3d_reconstruction/lib/python3.10/site-packages/sonar3d_reconstruction/leading_edge_pc_saver.py to leading_edge_pc_saver.cpython-310.pyc
byte-compiling /home/rosdev/ros2_ws/src/sonar3d_reconstruction/install/sonar3d_reconstruction/lib/python3.10/site-packages/sonar3d_reconstruction/Pool3D.py to Pool3D.cpython-310.pyc
byte-compiling /home/rosdev/ros2_ws/src/sonar3d_reconstruction/install/sonar3d_reconstruction/lib/python3.10/site-packages/sonar3d_reconstruction/sonar_viewer.py to sonar_viewer.cpython-310.pyc
byte-compiling /home/rosdev/ros2_ws/src/sonar3d_reconstruction/install/sonar3d_reconstruction/lib/python3.10/site-packages/sonar3d_reconstruction/process_sonar_image.py to process_sonar_image.cpython-310.pyc
byte-compiling /home/rosdev/ros2_ws/src/sonar3d_reconstruction/install/sonar3d_reconstruction/lib/python3.10/site-packages/sonar3d_reconstruction/load_data.py to load_data.cpython-310.pyc
byte-compiling /home/rosdev/ros2_ws/src/sonar3d_reconstruction/install/sonar3d_reconstruction/lib/python3.10/site-packages/sonar3d_reconstruction/__init__.py to __init__.cpython-310.pyc
byte-compiling /home/rosdev/ros2_ws/src/sonar3d_reconstruction/install/sonar3d_reconstruction/lib/python3.10/site-packages/sonar3d_reconstruction/acoustic3d_edge.py to acoustic3d_edge.cpython-310.pyc
byte-compiling /home/rosdev/ros2_ws/src/sonar3d_reconstruction/install/sonar3d_reconstruction/lib/python3.10/site-packages/sonar3d_reconstruction/optitrack_to_ros.py to optitrack_to_ros.cpython-310.pyc
byte-compiling /home/rosdev/ros2_ws/src/sonar3d_reconstruction/install/sonar3d_reconstruction/lib/python3.10/site-packages/sonar3d_reconstruction/unpack_usv_bag.py to unpack_usv_bag.cpython-310.pyc
byte-compiling /home/rosdev/ros2_ws/src/sonar3d_reconstruction/install/sonar3d_reconstruction/lib/python3.10/site-packages/sonar3d_reconstruction/leading_edge_node.py to leading_edge_node.cpython-310.pyc
byte-compiling /home/rosdev/ros2_ws/src/sonar3d_reconstruction/install/sonar3d_reconstruction/lib/python3.10/site-packages/sonar3d_reconstruction/leading_edge_visualizer.py to leading_edge_visualizer.cpython-310.pyc
byte-compiling /home/rosdev/ros2_ws/src/sonar3d_reconstruction/install/sonar3d_reconstruction/lib/python3.10/site-packages/sonar3d_reconstruction/plot_tools.py to plot_tools.cpython-310.pyc
byte-compiling /home/rosdev/ros2_ws/src/sonar3d_reconstruction/install/sonar3d_reconstruction/lib/python3.10/site-packages/sonar3d_reconstruction/get_points.py to get_points.cpython-310.pyc
byte-compiling /home/rosdev/ros2_ws/src/sonar3d_reconstruction/install/sonar3d_reconstruction/lib/python3.10/site-packages/sonar3d_reconstruction/profile.py to profile.cpython-310.pyc
byte-compiling /home/rosdev/ros2_ws/src/sonar3d_reconstruction/install/sonar3d_reconstruction/lib/python3.10/site-packages/sonar3d_reconstruction/sonar_to_pointcloud.py to sonar_to_pointcloud.cpython-310.pyc
byte-compiling /home/rosdev/ros2_ws/src/sonar3d_reconstruction/install/sonar3d_reconstruction/lib/python3.10/site-packages/sonar3d_reconstruction/acoustic3d_patch.py to acoustic3d_patch.cpython-310.pyc
byte-compiling /home/rosdev/ros2_ws/src/sonar3d_reconstruction/install/sonar3d_reconstruction/lib/python3.10/site-packages/sonar3d_reconstruction/transform_tools.py to transform_tools.cpython-310.pyc
byte-compiling /home/rosdev/ros2_ws/src/sonar3d_reconstruction/install/sonar3d_reconstruction/lib/python3.10/site-packages/sonar3d_reconstruction/sonar_fan_render.py to sonar_fan_render.cpython-310.pyc
byte-compiling /home/rosdev/ros2_ws/src/sonar3d_reconstruction/install/sonar3d_reconstruction/lib/python3.10/site-packages/sonar3d_reconstruction/region_shapes.py to region_shapes.cpython-310.pyc
running install_data
creating /home/rosdev/ros2_ws/src/sonar3d_reconstruction/install/sonar3d_reconstruction/share/ament_index
creating /home/rosdev/ros2_ws/src/sonar3d_reconstruction/install/sonar3d_reconstruction/share/ament_index/resource_index
creating /home/rosdev/ros2_ws/src/sonar3d_reconstruction/install/sonar3d_reconstruction/share/ament_index/resource_index/packages
copying resource/sonar3d_reconstruction -> /home/rosdev/ros2_ws/src/sonar3d_reconstruction/install/sonar3d_reconstruction/share/ament_index/resource_index/packages
copying package.xml -> /home/rosdev/ros2_ws/src/sonar3d_reconstruction/install/sonar3d_reconstruction/share/sonar3d_reconstruction
creating /home/rosdev/ros2_ws/src/sonar3d_reconstruction/install/sonar3d_reconstruction/share/sonar3d_reconstruction/launch
copying launch/leading_edge.launch.py -> /home/rosdev/ros2_ws/src/sonar3d_reconstruction/install/sonar3d_reconstruction/share/sonar3d_reconstruction/launch
copying launch/acoustic3d_launch.py -> /home/rosdev/ros2_ws/src/sonar3d_reconstruction/install/sonar3d_reconstruction/share/sonar3d_reconstruction/launch
creating /home/rosdev/ros2_ws/src/sonar3d_reconstruction/install/sonar3d_reconstruction/share/sonar3d_reconstruction/config
copying config/leading_edge.yaml -> /home/rosdev/ros2_ws/src/sonar3d_reconstruction/install/sonar3d_reconstruction/share/sonar3d_reconstruction/config
copying config/params_edge_blueview.yaml -> /home/rosdev/ros2_ws/src/sonar3d_reconstruction/install/sonar3d_reconstruction/share/sonar3d_reconstruction/config
running install_egg_info
Copying build/sonar3d_reconstruction/sonar3d_reconstruction.egg-info to /home/rosdev/ros2_ws/src/sonar3d_reconstruction/install/sonar3d_reconstruction/lib/python3.10/site-packages/sonar3d_reconstruction-0.0.0-py3.10.egg-info
running install_scripts
Installing acoustic3d_edge script to /home/rosdev/ros2_ws/src/sonar3d_reconstruction/install/sonar3d_reconstruction/lib/sonar3d_reconstruction
Installing acoustic3d_patch script to /home/rosdev/ros2_ws/src/sonar3d_reconstruction/install/sonar3d_reconstruction/lib/sonar3d_reconstruction
Installing leading_edge_node script to /home/rosdev/ros2_ws/src/sonar3d_reconstruction/install/sonar3d_reconstruction/lib/sonar3d_reconstruction
Installing leading_edge_pc_saver script to /home/rosdev/ros2_ws/src/sonar3d_reconstruction/install/sonar3d_reconstruction/lib/sonar3d_reconstruction
Installing leading_edge_visualizer script to /home/rosdev/ros2_ws/src/sonar3d_reconstruction/install/sonar3d_reconstruction/lib/sonar3d_reconstruction
Installing sonar_inspect script to /home/rosdev/ros2_ws/src/sonar3d_reconstruction/install/sonar3d_reconstruction/lib/sonar3d_reconstruction
Installing sonar_viewer script to /home/rosdev/ros2_ws/src/sonar3d_reconstruction/install/sonar3d_reconstruction/lib/sonar3d_reconstruction
writing list of installed files to '/home/rosdev/ros2_ws/src/sonar3d_reconstruction/build/sonar3d_reconstruction/install.log'
