[0.066s] DEBUG:colcon:Command line arguments: ['/usr/bin/colcon', 'build', '--packages-select', 'sonar3d_reconstruction']
[0.066s] DEBUG:colcon:Parsed command line arguments: Namespace(log_base=None, log_level=None, verb_name='build', build_base='build', install_base='install', merge_install=False, symlink_install=False, test_result_base=None, continue_on_error=False, executor='parallel', parallel_workers=14, event_handlers=None, ignore_user_meta=False, metas=['./colcon.meta'], base_paths=['.'], packages_ignore=None, packages_ignore_regex=None, paths=None, packages_up_to=None, packages_up_to_regex=None, packages_above=None, packages_above_and_dependencies=None, packages_above_depth=None, packages_select_by_dep=None, packages_skip_by_dep=None, packages_skip_up_to=None, packages_select_build_failed=False, packages_skip_build_finished=False, packages_select_test_failures=False, packages_skip_test_passed=False, packages_select=['sonar3d_reconstruction'], packages_skip=None, packages_select_regex=None, packages_skip_regex=None, packages_start=None, packages_end=None, cmake_args=None, cmake_target=None, cmake_target_skip_unavailable=False, cmake_clean_cache=False, cmake_clean_first=False, cmake_force_configure=False, ament_cmake_args=None, catkin_cmake_args=None, catkin_skip_building_tests=False, mixin_files=None, mixin=None, verb_parser=<colcon_mixin.mixin.mixin_argument.MixinArgumentDecorator object at 0x70149ab0f760>, verb_extension=<colcon_core.verb.build.BuildVerb object at 0x70149aac0670>, main=<bound method BuildVerb.main of <colcon_core.verb.build.BuildVerb object at 0x70149aac0670>>, mixin_verb=('build',))
[0.160s] Level 1:colcon.colcon_core.package_discovery:discover_packages(colcon_meta) check parameters
[0.160s] Level 1:colcon.colcon_core.package_discovery:discover_packages(recursive) check parameters
[0.160s] Level 1:colcon.colcon_core.package_discovery:discover_packages(ignore) check parameters
[0.160s] Level 1:colcon.colcon_core.package_discovery:discover_packages(path) check parameters
[0.160s] Level 1:colcon.colcon_core.package_discovery:discover_packages(colcon_meta) discover
[0.160s] Level 1:colcon.colcon_core.package_discovery:discover_packages(recursive) discover
[0.160s] INFO:colcon.colcon_core.package_discovery:Crawling recursively for packages in '/home/rosdev/ros2_ws/src/sonar3d_reconstruction'
[0.160s] Level 1:colcon.colcon_core.package_identification:_identify(.) by extensions ['ignore', 'ignore_ament_install']
[0.160s] Level 1:colcon.colcon_core.package_identification:_identify(.) by extension 'ignore'
[0.160s] Level 1:colcon.colcon_core.package_identification:_identify(.) by extension 'ignore_ament_install'
[0.160s] Level 1:colcon.colcon_core.package_identification:_identify(.) by extensions ['colcon_pkg']
[0.160s] Level 1:colcon.colcon_core.package_identification:_identify(.) by extension 'colcon_pkg'
[0.160s] Level 1:colcon.colcon_core.package_identification:_identify(.) by extensions ['colcon_meta']
[0.160s] Level 1:colcon.colcon_core.package_identification:_identify(.) by extension 'colcon_meta'
[0.160s] Level 1:colcon.colcon_core.package_identification:_identify(.) by extensions ['ros']
[0.160s] Level 1:colcon.colcon_core.package_identification:_identify(.) by extension 'ros'
[0.186s] DEBUG:colcon.colcon_core.package_identification:Package '.' with type 'ros.ament_python' and name 'sonar3d_reconstruction'
[0.186s] Level 1:colcon.colcon_core.package_discovery:discover_packages(recursive) using defaults
[0.186s] Level 1:colcon.colcon_core.package_discovery:discover_packages(ignore) discover
[0.186s] Level 1:colcon.colcon_core.package_discovery:discover_packages(ignore) using defaults
[0.186s] Level 1:colcon.colcon_core.package_discovery:discover_packages(path) discover
[0.186s] Level 1:colcon.colcon_core.package_discovery:discover_packages(path) using defaults
[0.199s] Level 5:colcon.colcon_core.verb:set package 'sonar3d_reconstruction' build argument 'cmake_args' from command line to 'None'
[0.199s] Level 5:colcon.colcon_core.verb:set package 'sonar3d_reconstruction' build argument 'cmake_target' from command line to 'None'
[0.199s] Level 5:colcon.colcon_core.verb:set package 'sonar3d_reconstruction' build argument 'cmake_target_skip_unavailable' from command line to 'False'
[0.199s] Level 5:colcon.colcon_core.verb:set package 'sonar3d_reconstruction' build argument 'cmake_clean_cache' from command line to 'False'
[0.199s] Level 5:colcon.colcon_core.verb:set package 'sonar3d_reconstruction' build argument 'cmake_clean_first' from command line to 'False'
[0.199s] Level 5:colcon.colcon_core.verb:set package 'sonar3d_reconstruction' build argument 'cmake_force_configure' from command line to 'False'
[0.199s] Level 5:colcon.colcon_core.verb:set package 'sonar3d_reconstruction' build argument 'ament_cmake_args' from command line to 'None'
[0.199s] Level 5:colcon.colcon_core.verb:set package 'sonar3d_reconstruction' build argument 'catkin_cmake_args' from command line to 'None'
[0.199s] Level 5:colcon.colcon_core.verb:set package 'sonar3d_reconstruction' build argument 'catkin_skip_building_tests' from command line to 'False'
[0.199s] DEBUG:colcon.colcon_core.verb:Building package 'sonar3d_reconstruction' with the following arguments: {'ament_cmake_args': None, 'build_base': '/home/rosdev/ros2_ws/src/sonar3d_reconstruction/build/sonar3d_reconstruction', 'catkin_cmake_args': None, 'catkin_skip_building_tests': False, 'cmake_args': None, 'cmake_clean_cache': False, 'cmake_clean_first': False, 'cmake_force_configure': False, 'cmake_target': None, 'cmake_target_skip_unavailable': False, 'install_base': '/home/rosdev/ros2_ws/src/sonar3d_reconstruction/install/sonar3d_reconstruction', 'merge_install': False, 'path': '/home/rosdev/ros2_ws/src/sonar3d_reconstruction', 'symlink_install': False, 'test_result_base': None}
[0.199s] INFO:colcon.colcon_core.executor:Executing jobs using 'parallel' executor
[0.200s] DEBUG:colcon.colcon_parallel_executor.executor.parallel:run_until_complete
[0.200s] INFO:colcon.colcon_ros.task.ament_python.build:Building ROS package in '/home/rosdev/ros2_ws/src/sonar3d_reconstruction' with build type 'ament_python'
[0.200s] Level 1:colcon.colcon_core.shell:create_environment_hook('sonar3d_reconstruction', 'ament_prefix_path')
[0.201s] INFO:colcon.colcon_core.plugin_system:Skipping extension 'colcon_core.shell.bat': Not used on non-Windows systems
[0.201s] INFO:colcon.colcon_core.shell:Creating environment hook '/home/rosdev/ros2_ws/src/sonar3d_reconstruction/install/sonar3d_reconstruction/share/sonar3d_reconstruction/hook/ament_prefix_path.ps1'
[0.202s] INFO:colcon.colcon_core.shell:Creating environment descriptor '/home/rosdev/ros2_ws/src/sonar3d_reconstruction/install/sonar3d_reconstruction/share/sonar3d_reconstruction/hook/ament_prefix_path.dsv'
[0.202s] INFO:colcon.colcon_core.shell:Creating environment hook '/home/rosdev/ros2_ws/src/sonar3d_reconstruction/install/sonar3d_reconstruction/share/sonar3d_reconstruction/hook/ament_prefix_path.sh'
[0.202s] INFO:colcon.colcon_core.shell:Skip shell extension 'powershell' for command environment: Not usable outside of PowerShell
[0.202s] DEBUG:colcon.colcon_core.shell:Skip shell extension 'dsv' for command environment
[0.377s] INFO:colcon.colcon_core.task.python.build:Building Python package in '/home/rosdev/ros2_ws/src/sonar3d_reconstruction'
[0.378s] INFO:colcon.colcon_core.shell:Skip shell extension 'powershell' for command environment: Not usable outside of PowerShell
[0.378s] DEBUG:colcon.colcon_core.shell:Skip shell extension 'dsv' for command environment
[0.601s] DEBUG:colcon.colcon_core.event_handler.log_command:Invoking command in '/home/rosdev/ros2_ws/src/sonar3d_reconstruction': PYTHONPATH=/home/rosdev/ros2_ws/src/sonar3d_reconstruction/build/sonar3d_reconstruction/prefix_override:/usr/lib/python3/dist-packages/colcon_core/task/python/colcon_distutils_commands:/home/rosdev/ros2_ws/src/sonar3d_reconstruction/install/sonar3d_reconstruction/lib/python3.10/site-packages:${PYTHONPATH} /usr/bin/python3 -W ignore:setup.py install is deprecated -W ignore:easy_install command is deprecated setup.py egg_info --egg-base build/sonar3d_reconstruction build --build-base /home/rosdev/ros2_ws/src/sonar3d_reconstruction/build/sonar3d_reconstruction/build install --record /home/rosdev/ros2_ws/src/sonar3d_reconstruction/build/sonar3d_reconstruction/install.log --single-version-externally-managed install_data
[0.837s] DEBUG:colcon.colcon_core.event_handler.log_command:Invoked command in '/home/rosdev/ros2_ws/src/sonar3d_reconstruction' returned '0': PYTHONPATH=/home/rosdev/ros2_ws/src/sonar3d_reconstruction/build/sonar3d_reconstruction/prefix_override:/usr/lib/python3/dist-packages/colcon_core/task/python/colcon_distutils_commands:/home/rosdev/ros2_ws/src/sonar3d_reconstruction/install/sonar3d_reconstruction/lib/python3.10/site-packages:${PYTHONPATH} /usr/bin/python3 -W ignore:setup.py install is deprecated -W ignore:easy_install command is deprecated setup.py egg_info --egg-base build/sonar3d_reconstruction build --build-base /home/rosdev/ros2_ws/src/sonar3d_reconstruction/build/sonar3d_reconstruction/build install --record /home/rosdev/ros2_ws/src/sonar3d_reconstruction/build/sonar3d_reconstruction/install.log --single-version-externally-managed install_data
[0.840s] Level 1:colcon.colcon_core.environment:checking '/home/rosdev/ros2_ws/src/sonar3d_reconstruction/install/sonar3d_reconstruction' for CMake module files
[0.841s] Level 1:colcon.colcon_core.environment:checking '/home/rosdev/ros2_ws/src/sonar3d_reconstruction/install/sonar3d_reconstruction' for CMake config files
[0.841s] Level 1:colcon.colcon_core.environment:checking '/home/rosdev/ros2_ws/src/sonar3d_reconstruction/install/sonar3d_reconstruction/lib'
[0.842s] Level 1:colcon.colcon_core.environment:checking '/home/rosdev/ros2_ws/src/sonar3d_reconstruction/install/sonar3d_reconstruction/bin'
[0.842s] Level 1:colcon.colcon_core.environment:checking '/home/rosdev/ros2_ws/src/sonar3d_reconstruction/install/sonar3d_reconstruction/lib/pkgconfig/sonar3d_reconstruction.pc'
[0.842s] Level 1:colcon.colcon_core.environment:checking '/home/rosdev/ros2_ws/src/sonar3d_reconstruction/install/sonar3d_reconstruction/lib/python3.10/site-packages'
[0.842s] Level 1:colcon.colcon_core.shell:create_environment_hook('sonar3d_reconstruction', 'pythonpath')
[0.842s] INFO:colcon.colcon_core.shell:Creating environment hook '/home/rosdev/ros2_ws/src/sonar3d_reconstruction/install/sonar3d_reconstruction/share/sonar3d_reconstruction/hook/pythonpath.ps1'
[0.842s] INFO:colcon.colcon_core.shell:Creating environment descriptor '/home/rosdev/ros2_ws/src/sonar3d_reconstruction/install/sonar3d_reconstruction/share/sonar3d_reconstruction/hook/pythonpath.dsv'
[0.842s] INFO:colcon.colcon_core.shell:Creating environment hook '/home/rosdev/ros2_ws/src/sonar3d_reconstruction/install/sonar3d_reconstruction/share/sonar3d_reconstruction/hook/pythonpath.sh'
[0.843s] Level 1:colcon.colcon_core.environment:checking '/home/rosdev/ros2_ws/src/sonar3d_reconstruction/install/sonar3d_reconstruction/bin'
[0.843s] Level 1:colcon.colcon_core.environment:create_environment_scripts_only(sonar3d_reconstruction)
[0.843s] INFO:colcon.colcon_core.shell:Creating package script '/home/rosdev/ros2_ws/src/sonar3d_reconstruction/install/sonar3d_reconstruction/share/sonar3d_reconstruction/package.ps1'
[0.844s] INFO:colcon.colcon_core.shell:Creating package descriptor '/home/rosdev/ros2_ws/src/sonar3d_reconstruction/install/sonar3d_reconstruction/share/sonar3d_reconstruction/package.dsv'
[0.844s] INFO:colcon.colcon_core.shell:Creating package script '/home/rosdev/ros2_ws/src/sonar3d_reconstruction/install/sonar3d_reconstruction/share/sonar3d_reconstruction/package.sh'
[0.844s] INFO:colcon.colcon_core.shell:Creating package script '/home/rosdev/ros2_ws/src/sonar3d_reconstruction/install/sonar3d_reconstruction/share/sonar3d_reconstruction/package.bash'
[0.844s] INFO:colcon.colcon_core.shell:Creating package script '/home/rosdev/ros2_ws/src/sonar3d_reconstruction/install/sonar3d_reconstruction/share/sonar3d_reconstruction/package.zsh'
[0.845s] Level 1:colcon.colcon_core.environment:create_file_with_runtime_dependencies(/home/rosdev/ros2_ws/src/sonar3d_reconstruction/install/sonar3d_reconstruction/share/colcon-core/packages/sonar3d_reconstruction)
[0.845s] DEBUG:colcon.colcon_parallel_executor.executor.parallel:closing loop
[0.845s] DEBUG:colcon.colcon_parallel_executor.executor.parallel:loop closed
[0.845s] DEBUG:colcon.colcon_parallel_executor.executor.parallel:run_until_complete finished with '0'
[0.845s] DEBUG:colcon.colcon_core.event_reactor:joining thread
[0.848s] INFO:colcon.colcon_core.plugin_system:Skipping extension 'colcon_notification.desktop_notification.notify_send': Could not find 'notify-send'
[0.848s] INFO:colcon.colcon_core.plugin_system:Skipping extension 'colcon_notification.desktop_notification.terminal_notifier': Not used on non-Darwin systems
[0.848s] INFO:colcon.colcon_core.plugin_system:Skipping extension 'colcon_notification.desktop_notification.win32': Not used on non-Windows systems
[0.848s] INFO:colcon.colcon_notification.desktop_notification:Sending desktop notification using 'notify2'
[0.850s] DEBUG:colcon.colcon_notification.desktop_notification.notify2:Failed to initialize notify2: org.freedesktop.DBus.Error.Spawn.ExecFailed: /usr/bin/dbus-launch terminated abnormally without any error message
[0.850s] DEBUG:colcon.colcon_core.event_reactor:joined thread
[0.851s] INFO:colcon.colcon_core.shell:Creating prefix script '/home/rosdev/ros2_ws/src/sonar3d_reconstruction/install/local_setup.ps1'
[0.851s] INFO:colcon.colcon_core.shell:Creating prefix util module '/home/rosdev/ros2_ws/src/sonar3d_reconstruction/install/_local_setup_util_ps1.py'
[0.852s] INFO:colcon.colcon_core.shell:Creating prefix chain script '/home/rosdev/ros2_ws/src/sonar3d_reconstruction/install/setup.ps1'
[0.853s] INFO:colcon.colcon_core.shell:Creating prefix script '/home/rosdev/ros2_ws/src/sonar3d_reconstruction/install/local_setup.sh'
[0.853s] INFO:colcon.colcon_core.shell:Creating prefix util module '/home/rosdev/ros2_ws/src/sonar3d_reconstruction/install/_local_setup_util_sh.py'
[0.853s] INFO:colcon.colcon_core.shell:Creating prefix chain script '/home/rosdev/ros2_ws/src/sonar3d_reconstruction/install/setup.sh'
[0.854s] INFO:colcon.colcon_core.shell:Creating prefix script '/home/rosdev/ros2_ws/src/sonar3d_reconstruction/install/local_setup.bash'
[0.854s] INFO:colcon.colcon_core.shell:Creating prefix chain script '/home/rosdev/ros2_ws/src/sonar3d_reconstruction/install/setup.bash'
[0.855s] INFO:colcon.colcon_core.shell:Creating prefix script '/home/rosdev/ros2_ws/src/sonar3d_reconstruction/install/local_setup.zsh'
[0.855s] INFO:colcon.colcon_core.shell:Creating prefix chain script '/home/rosdev/ros2_ws/src/sonar3d_reconstruction/install/setup.zsh'
